Archive member included to satisfy reference by file (symbol)

D:/STM32CubeIDE_1.13.1/STM32CubeIDE/plugins/com.st.stm32cube.ide.mcu.externaltools.gnu-tools-for-stm32.11.3.rel1.win32_1.1.0.202305231506/tools/bin/../lib/gcc/arm-none-eabi/11.3.1/../../../../arm-none-eabi/lib/thumb/v7-m/nofp\libc_nano.a(libc_a-exit.o)
                              D:/STM32CubeIDE_1.13.1/STM32CubeIDE/plugins/com.st.stm32cube.ide.mcu.externaltools.gnu-tools-for-stm32.11.3.rel1.win32_1.1.0.202305231506/tools/bin/../lib/gcc/arm-none-eabi/11.3.1/../../../../arm-none-eabi/lib/thumb/v7-m/nofp/crt0.o (exit)
D:/STM32CubeIDE_1.13.1/STM32CubeIDE/plugins/com.st.stm32cube.ide.mcu.externaltools.gnu-tools-for-stm32.11.3.rel1.win32_1.1.0.202305231506/tools/bin/../lib/gcc/arm-none-eabi/11.3.1/../../../../arm-none-eabi/lib/thumb/v7-m/nofp\libc_nano.a(libc_a-findfp.o)
                              D:/STM32CubeIDE_1.13.1/STM32CubeIDE/plugins/com.st.stm32cube.ide.mcu.externaltools.gnu-tools-for-stm32.11.3.rel1.win32_1.1.0.202305231506/tools/bin/../lib/gcc/arm-none-eabi/11.3.1/../../../../arm-none-eabi/lib/thumb/v7-m/nofp\libc_nano.a(libc_a-exit.o) (__stdio_exit_handler)
D:/STM32CubeIDE_1.13.1/STM32CubeIDE/plugins/com.st.stm32cube.ide.mcu.externaltools.gnu-tools-for-stm32.11.3.rel1.win32_1.1.0.202305231506/tools/bin/../lib/gcc/arm-none-eabi/11.3.1/../../../../arm-none-eabi/lib/thumb/v7-m/nofp\libc_nano.a(libc_a-fwalk.o)
                              D:/STM32CubeIDE_1.13.1/STM32CubeIDE/plugins/com.st.stm32cube.ide.mcu.externaltools.gnu-tools-for-stm32.11.3.rel1.win32_1.1.0.202305231506/tools/bin/../lib/gcc/arm-none-eabi/11.3.1/../../../../arm-none-eabi/lib/thumb/v7-m/nofp\libc_nano.a(libc_a-findfp.o) (_fwalk_sglue)
D:/STM32CubeIDE_1.13.1/STM32CubeIDE/plugins/com.st.stm32cube.ide.mcu.externaltools.gnu-tools-for-stm32.11.3.rel1.win32_1.1.0.202305231506/tools/bin/../lib/gcc/arm-none-eabi/11.3.1/../../../../arm-none-eabi/lib/thumb/v7-m/nofp\libc_nano.a(libc_a-stdio.o)
                              D:/STM32CubeIDE_1.13.1/STM32CubeIDE/plugins/com.st.stm32cube.ide.mcu.externaltools.gnu-tools-for-stm32.11.3.rel1.win32_1.1.0.202305231506/tools/bin/../lib/gcc/arm-none-eabi/11.3.1/../../../../arm-none-eabi/lib/thumb/v7-m/nofp\libc_nano.a(libc_a-findfp.o) (__sread)
D:/STM32CubeIDE_1.13.1/STM32CubeIDE/plugins/com.st.stm32cube.ide.mcu.externaltools.gnu-tools-for-stm32.11.3.rel1.win32_1.1.0.202305231506/tools/bin/../lib/gcc/arm-none-eabi/11.3.1/../../../../arm-none-eabi/lib/thumb/v7-m/nofp\libc_nano.a(libc_a-memset.o)
                              D:/STM32CubeIDE_1.13.1/STM32CubeIDE/plugins/com.st.stm32cube.ide.mcu.externaltools.gnu-tools-for-stm32.11.3.rel1.win32_1.1.0.202305231506/tools/bin/../lib/gcc/arm-none-eabi/11.3.1/../../../../arm-none-eabi/lib/thumb/v7-m/nofp/crt0.o (memset)
D:/STM32CubeIDE_1.13.1/STM32CubeIDE/plugins/com.st.stm32cube.ide.mcu.externaltools.gnu-tools-for-stm32.11.3.rel1.win32_1.1.0.202305231506/tools/bin/../lib/gcc/arm-none-eabi/11.3.1/../../../../arm-none-eabi/lib/thumb/v7-m/nofp\libc_nano.a(libc_a-closer.o)
                              D:/STM32CubeIDE_1.13.1/STM32CubeIDE/plugins/com.st.stm32cube.ide.mcu.externaltools.gnu-tools-for-stm32.11.3.rel1.win32_1.1.0.202305231506/tools/bin/../lib/gcc/arm-none-eabi/11.3.1/../../../../arm-none-eabi/lib/thumb/v7-m/nofp\libc_nano.a(libc_a-stdio.o) (_close_r)
D:/STM32CubeIDE_1.13.1/STM32CubeIDE/plugins/com.st.stm32cube.ide.mcu.externaltools.gnu-tools-for-stm32.11.3.rel1.win32_1.1.0.202305231506/tools/bin/../lib/gcc/arm-none-eabi/11.3.1/../../../../arm-none-eabi/lib/thumb/v7-m/nofp\libc_nano.a(libc_a-reent.o)
                              D:/STM32CubeIDE_1.13.1/STM32CubeIDE/plugins/com.st.stm32cube.ide.mcu.externaltools.gnu-tools-for-stm32.11.3.rel1.win32_1.1.0.202305231506/tools/bin/../lib/gcc/arm-none-eabi/11.3.1/../../../../arm-none-eabi/lib/thumb/v7-m/nofp\libc_nano.a(libc_a-closer.o) (errno)
D:/STM32CubeIDE_1.13.1/STM32CubeIDE/plugins/com.st.stm32cube.ide.mcu.externaltools.gnu-tools-for-stm32.11.3.rel1.win32_1.1.0.202305231506/tools/bin/../lib/gcc/arm-none-eabi/11.3.1/../../../../arm-none-eabi/lib/thumb/v7-m/nofp\libc_nano.a(libc_a-impure.o)
                              D:/STM32CubeIDE_1.13.1/STM32CubeIDE/plugins/com.st.stm32cube.ide.mcu.externaltools.gnu-tools-for-stm32.11.3.rel1.win32_1.1.0.202305231506/tools/bin/../lib/gcc/arm-none-eabi/11.3.1/../../../../arm-none-eabi/lib/thumb/v7-m/nofp\libc_nano.a(libc_a-reent.o) (_impure_ptr)
D:/STM32CubeIDE_1.13.1/STM32CubeIDE/plugins/com.st.stm32cube.ide.mcu.externaltools.gnu-tools-for-stm32.11.3.rel1.win32_1.1.0.202305231506/tools/bin/../lib/gcc/arm-none-eabi/11.3.1/../../../../arm-none-eabi/lib/thumb/v7-m/nofp\libc_nano.a(libc_a-lseekr.o)
                              D:/STM32CubeIDE_1.13.1/STM32CubeIDE/plugins/com.st.stm32cube.ide.mcu.externaltools.gnu-tools-for-stm32.11.3.rel1.win32_1.1.0.202305231506/tools/bin/../lib/gcc/arm-none-eabi/11.3.1/../../../../arm-none-eabi/lib/thumb/v7-m/nofp\libc_nano.a(libc_a-stdio.o) (_lseek_r)
[...]
Memory Configuration

Name             Origin             Length             Attributes
RAM              0x0000000020000000 0x0000000000002800 xrw
FLASH            0x0000000008000000 0x0000000000008000 xr
*default*        0x0000000000000000 0xffffffffffffffff

Linker script and memory map

LOAD D:/STM32CubeIDE_1.13.1/STM32CubeIDE/plugins/com.st.stm32cube.ide.mcu.externaltools.gnu-tools-for-stm32.11.3.rel1.win32_1.1.0.202305231506/tools/bin/../lib/gcc/arm-none-eabi/11.3.1/thumb/v7-m/nofp/crti.o
LOAD D:/STM32CubeIDE_1.13.1/STM32CubeIDE/plugins/com.st.stm32cube.ide.mcu.externaltools.gnu-tools-for-stm32.11.3.rel1.win32_1.1.0.202305231506/tools/bin/../lib/gcc/arm-none-eabi/11.3.1/thumb/v7-m/nofp/crtbegin.o
LOAD D:/STM32CubeIDE_1.13.1/STM32CubeIDE/plugins/com.st.stm32cube.ide.mcu.externaltools.gnu-tools-for-stm32.11.3.rel1.win32_1.1.0.202305231506/tools/bin/../lib/gcc/arm-none-eabi/11.3.1/../../../../arm-none-eabi/lib/thumb/v7-m/nofp/crt0.o
LOAD ./Core/Src/button.o
LOAD ./Core/Src/display_led.o
LOAD ./Core/Src/fsm_auto.o
LOAD ./Core/Src/fsm_manual.o
LOAD ./Core/Src/global.o
LOAD ./Core/Src/main.o
LOAD ./Core/Src/software_timer.o
LOAD ./Core/Src/stm32f1xx_hal_msp.o
LOAD ./Core/Src/stm32f1xx_it.o
LOAD ./Core/Src/syscalls.o
LOAD ./Core/Src/sysmem.o
LOAD ./Core/Src/system_stm32f1xx.o
LOAD ./Core/Startup/startup_stm32f103c6ux.o
LOAD ./Drivers/STM32F1xx_HAL_Driver/Src/stm32f1xx_hal.o
LOAD ./Drivers/STM32F1xx_HAL_Driver/Src/stm32f1xx_hal_cortex.o
LOAD ./Drivers/STM32F1xx_HAL_Driver/Src/stm32f1xx_hal_dma.o
LOAD ./Drivers/STM32F1xx_HAL_Driver/Src/stm32f1xx_hal_exti.o
LOAD ./Drivers/STM32F1xx_HAL_Driver/Src/stm32f1xx_hal_flash.o
LOAD ./Drivers/STM32F1xx_HAL_Driver/Src/stm32f1xx_hal_flash_ex.o
LOAD ./Drivers/STM32F1xx_HAL_Driver/Src/stm32f1xx_hal_gpio.o
LOAD ./Drivers/STM32F1xx_HAL_Driver/Src/stm32f1xx_hal_gpio_ex.o
LOAD ./Drivers/STM32F1xx_HAL_Driver/Src/stm32f1xx_hal_pwr.o
LOAD ./Drivers/STM32F1xx_HAL_Driver/Src/stm32f1xx_hal_rcc.o
LOAD ./Drivers/STM32F1xx_HAL_Driver/Src/stm32f1xx_hal_rcc_ex.o
LOAD ./Drivers/STM32F1xx_HAL_Driver/Src/stm32f1xx_hal_tim.o
LOAD ./Drivers/STM32F1xx_HAL_Driver/Src/stm32f1xx_hal_tim_ex.o
START GROUP
LOAD D:/STM32CubeIDE_1.13.1/STM32CubeIDE/plugins/com.st.stm32cube.ide.mcu.externaltools.gnu-tools-for-stm32.11.3.rel1.win32_1.1.0.202305231506/tools/bin/../lib/gcc/arm-none-eabi/11.3.1/../../../../arm-none-eabi/lib/thumb/v7-m/nofp\libc_nano.a
LOAD D:/STM32CubeIDE_1.13.1/STM32CubeIDE/plugins/com.st.stm32cube.ide.mcu.externaltools.gnu-tools-for-stm32.11.3.rel1.win32_1.1.0.202305231506/tools/bin/../lib/gcc/arm-none-eabi/11.3.1/../../../../arm-none-eabi/lib/thumb/v7-m/nofp\libm.a
END GROUP
START GROUP
LOAD D:/STM32CubeIDE_1.13.1/STM32CubeIDE/plugins/com.st.stm32cube.ide.mcu.externaltools.gnu-tools-for-stm32.11.3.rel1.win32_1.1.0.202305231506/tools/bin/../lib/gcc/arm-none-eabi/11.3.1/thumb/v7-m/nofp\libgcc.a
LOAD D:/STM32CubeIDE_1.13.1/STM32CubeIDE/plugins/com.st.stm32cube.ide.mcu.externaltools.gnu-tools-for-stm32.11.3.rel1.win32_1.1.0.202305231506/tools/bin/../lib/gcc/arm-none-eabi/11.3.1/../../../../arm-none-eabi/lib/thumb/v7-m/nofp\libc_nano.a
END GROUP
START GROUP
LOAD D:/STM32CubeIDE_1.13.1/STM32CubeIDE/plugins/com.st.stm32cube.ide.mcu.externaltools.gnu-tools-for-stm32.11.3.rel1.win32_1.1.0.202305231506/tools/bin/../lib/gcc/arm-none-eabi/11.3.1/thumb/v7-m/nofp\libgcc.a
LOAD D:/STM32CubeIDE_1.13.1/STM32CubeIDE/plugins/com.st.stm32cube.ide.mcu.externaltools.gnu-tools-for-stm32.11.3.rel1.win32_1.1.0.202305231506/tools/bin/../lib/gcc/arm-none-eabi/11.3.1/../../../../arm-none-eabi/lib/thumb/v7-m/nofp\libc_nano.a
LOAD D:/STM32CubeIDE_1.13.1/STM32CubeIDE/plugins/com.st.stm32cube.ide.mcu.externaltools.gnu-tools-for-stm32.11.3.rel1.win32_1.1.0.202305231506/tools/bin/../lib/gcc/arm-none-eabi/11.3.1/../../../../arm-none-eabi/lib/thumb/v7-m/nofp\libnosys.a
END GROUP
START GROUP
LOAD D:/STM32CubeIDE_1.13.1/STM32CubeIDE/plugins/com.st.stm32cube.ide.mcu.externaltools.gnu-tools-for-stm32.11.3.rel1.win32_1.1.0.202305231506/tools/bin/../lib/gcc/arm-none-eabi/11.3.1/thumb/v7-m/nofp\libgcc.a
LOAD D:/STM32CubeIDE_1.13.1/STM32CubeIDE/plugins/com.st.stm32cube.ide.mcu.externaltools.gnu-tools-for-stm32.11.3.rel1.win32_1.1.0.202305231506/tools/bin/../lib/gcc/arm-none-eabi/11.3.1/../../../../arm-none-eabi/lib/thumb/v7-m/nofp\libc_nano.a
LOAD D:/STM32CubeIDE_1.13.1/STM32CubeIDE/plugins/com.st.stm32cube.ide.mcu.externaltools.gnu-tools-for-stm32.11.3.rel1.win32_1.1.0.202305231506/tools/bin/../lib/gcc/arm-none-eabi/11.3.1/../../../../arm-none-eabi/lib/thumb/v7-m/nofp\libnosys.a
END GROUP
LOAD D:/STM32CubeIDE_1.13.1/STM32CubeIDE/plugins/com.st.stm32cube.ide.mcu.externaltools.gnu-tools-for-stm32.11.3.rel1.win32_1.1.0.202305231506/tools/bin/../lib/gcc/arm-none-eabi/11.3.1/thumb/v7-m/nofp/crtend.o
LOAD D:/STM32CubeIDE_1.13.1/STM32CubeIDE/plugins/com.st.stm32cube.ide.mcu.externaltools.gnu-tools-for-stm32.11.3.rel1.win32_1.1.0.202305231506/tools/bin/../lib/gcc/arm-none-eabi/11.3.1/thumb/v7-m/nofp/crtn.o
                0x0000000020002800                _estack = (ORIGIN (RAM) + LENGTH (RAM))
                0x0000000000000200                _Min_Heap_Size = 0x200
                0x0000000000000400                _Min_Stack_Size = 0x400

.isr_vector     0x0000000008000000      0x10c
                0x0000000008000000                . = ALIGN (0x4)
 *(.isr_vector)
 .isr_vector    0x0000000008000000      0x10c ./Core/Startup/startup_stm32f103c6ux.o
                0x0000000008000000                g_pfnVectors
                0x000000000800010c                . = ALIGN (0x4)

.text           0x000000000800010c     0x2d5c
                0x000000000800010c                . = ALIGN (0x4)
 *(.text)
 .text          0x000000000800010c       0x40 D:/STM32CubeIDE_1.13.1/STM32CubeIDE/plugins/com.st.stm32cube.ide.mcu.externaltools.gnu-tools-for-stm32.11.3.rel1.win32_1.1.0.202305231506/tools/bin/../lib/gcc/arm-none-eabi/11.3.1/thumb/v7-m/nofp/crtbegin.o
 *(.text*)
 .text.isButtonPressed
                0x000000000800014c       0x34 ./Core/Src/button.o
                0x000000000800014c                isButtonPressed
 .text.subKeyProcess
                0x0000000008000180       0x20 ./Core/Src/button.o
                0x0000000008000180                subKeyProcess
 .text.getKeyInput
                0x00000000080001a0      0x100 ./Core/Src/button.o
                0x00000000080001a0                getKeyInput
 .text.displayFirstLedCouple
                0x00000000080002a0       0xb8 ./Core/Src/display_led.o
                0x00000000080002a0                displayFirstLedCouple
 .text.displaySecondLedCouple
                0x0000000008000358       0xb8 ./Core/Src/display_led.o
                0x0000000008000358                displaySecondLedCouple
 .text.toggleLeds
                0x0000000008000410       0x60 ./Core/Src/display_led.o
                0x0000000008000410                toggleLeds
 .text.displaySEG7_1
                0x0000000008000470      0x320 ./Core/Src/display_led.o
                0x0000000008000470                displaySEG7_1
 .text.displaySEG7_2
                0x0000000008000790      0x398 ./Core/Src/display_led.o
                0x0000000008000790                displaySEG7_2
 .text.enable0  0x0000000008000b28       0x24 ./Core/Src/display_led.o
                0x0000000008000b28                enable0
 .text.enable1  0x0000000008000b4c       0x24 ./Core/Src/display_led.o
                0x0000000008000b4c                enable1
 .text.enable2  0x0000000008000b70       0x24 ./Core/Src/display_led.o
                0x0000000008000b70                enable2
 .text.enable3  0x0000000008000b94       0x24 ./Core/Src/display_led.o
                0x0000000008000b94                enable3
 .text.showTimeDelay_First
                0x0000000008000bb8       0x48 ./Core/Src/display_led.o
                0x0000000008000bb8                showTimeDelay_First
 .text.showTimeDelay_Second
                0x0000000008000c00       0x5c ./Core/Src/display_led.o
                0x0000000008000c00                showTimeDelay_Second
 .text.auto_run
                0x0000000008000c5c      0x298 ./Core/Src/fsm_auto.o
                0x0000000008000c5c                auto_run
 .text.mode2_run
                0x0000000008000ef4      0x13c ./Core/Src/fsm_manual.o
                0x0000000008000ef4                mode2_run
 .text.mode3_run
                0x0000000008001030      0x13c ./Core/Src/fsm_manual.o
                0x0000000008001030                mode3_run
 .text.mode4_run
                0x000000000800116c      0x13c ./Core/Src/fsm_manual.o
                0x000000000800116c                mode4_run
 .text.manual_run
                0x00000000080012a8       0x7c ./Core/Src/fsm_manual.o
                0x00000000080012a8                manual_run
 .text.setValues
                0x0000000008001324       0xb0 ./Core/Src/global.o
                0x0000000008001324                setValues
 .text.main     0x00000000080013d4       0x34 ./Core/Src/main.o
                0x00000000080013d4                main
 .text.SystemClock_Config
                0x0000000008001408       0x76 ./Core/Src/main.o
                0x0000000008001408                SystemClock_Config
 *fill*         0x000000000800147e        0x2 
 .text.MX_TIM2_Init
                0x0000000008001480       0x98 ./Core/Src/main.o
 .text.MX_GPIO_Init
                0x0000000008001518       0xd0 ./Core/Src/main.o
 .text.HAL_TIM_PeriodElapsedCallback
                0x00000000080015e8       0x4a ./Core/Src/main.o
                0x00000000080015e8                HAL_TIM_PeriodElapsedCallback
 .text.Error_Handler
                0x0000000008001632        0xa ./Core/Src/main.o
                0x0000000008001632                Error_Handler
 .text.setTimer
                0x000000000800163c       0x30 ./Core/Src/software_timer.o
                0x000000000800163c                setTimer
 .text.timerRun
                0x000000000800166c       0x50 ./Core/Src/software_timer.o
                0x000000000800166c                timerRun
 .text.HAL_MspInit
                0x00000000080016bc       0x44 ./Core/Src/stm32f1xx_hal_msp.o
                0x00000000080016bc                HAL_MspInit
 .text.HAL_TIM_Base_MspInit
                0x0000000008001700       0x48 ./Core/Src/stm32f1xx_hal_msp.o
                0x0000000008001700                HAL_TIM_Base_MspInit
 .text.NMI_Handler
                0x0000000008001748        0x6 ./Core/Src/stm32f1xx_it.o
                0x0000000008001748                NMI_Handler
 .text.HardFault_Handler
                0x000000000800174e        0x6 ./Core/Src/stm32f1xx_it.o
                0x000000000800174e                HardFault_Handler
 .text.MemManage_Handler
                0x0000000008001754        0x6 ./Core/Src/stm32f1xx_it.o
                0x0000000008001754                MemManage_Handler
 .text.BusFault_Handler
                0x000000000800175a        0x6 ./Core/Src/stm32f1xx_it.o
                0x000000000800175a                BusFault_Handler
 .text.UsageFault_Handler
                0x0000000008001760        0x6 ./Core/Src/stm32f1xx_it.o
                0x0000000008001760                UsageFault_Handler
 .text.SVC_Handler
                0x0000000008001766        0xc ./Core/Src/stm32f1xx_it.o
                0x0000000008001766                SVC_Handler
 .text.DebugMon_Handler
                0x0000000008001772        0xc ./Core/Src/stm32f1xx_it.o
                0x0000000008001772                DebugMon_Handler
 .text.PendSV_Handler
                0x000000000800177e        0xc ./Core/Src/stm32f1xx_it.o
                0x000000000800177e                PendSV_Handler
 .text.SysTick_Handler
                0x000000000800178a        0xc ./Core/Src/stm32f1xx_it.o
                0x000000000800178a                SysTick_Handler
 *fill*         0x0000000008001796        0x2 
 .text.TIM2_IRQHandler
                0x0000000008001798       0x14 ./Core/Src/stm32f1xx_it.o
                0x0000000008001798                TIM2_IRQHandler
 .text.SystemInit
                0x00000000080017ac        0xc ./Core/Src/system_stm32f1xx.o
                0x00000000080017ac                SystemInit
 .text.Reset_Handler
                0x00000000080017b8       0x48 ./Core/Startup/startup_stm32f103c6ux.o
                0x00000000080017b8                Reset_Handler
 .text.Default_Handler
                0x0000000008001800        0x2 ./Core/Startup/startup_stm32f103c6ux.o
                0x0000000008001800                RTC_Alarm_IRQHandler
                0x0000000008001800                EXTI2_IRQHandler
                0x0000000008001800                TIM1_CC_IRQHandler
                0x0000000008001800                PVD_IRQHandler
                0x0000000008001800                EXTI3_IRQHandler
                0x0000000008001800                EXTI0_IRQHandler
                0x0000000008001800                ADC1_2_IRQHandler
                0x0000000008001800                SPI1_IRQHandler
                0x0000000008001800                TAMPER_IRQHandler
                0x0000000008001800                DMA1_Channel4_IRQHandler
                0x0000000008001800                RTC_IRQHandler
                0x0000000008001800                DMA1_Channel7_IRQHandler
                0x0000000008001800                CAN1_RX1_IRQHandler
                0x0000000008001800                I2C1_EV_IRQHandler
                0x0000000008001800                DMA1_Channel6_IRQHandler
                0x0000000008001800                TIM3_IRQHandler
                0x0000000008001800                RCC_IRQHandler
                0x0000000008001800                TIM1_TRG_COM_IRQHandler
                0x0000000008001800                DMA1_Channel1_IRQHandler
                0x0000000008001800                Default_Handler
                0x0000000008001800                EXTI15_10_IRQHandler
                0x0000000008001800                EXTI9_5_IRQHandler
                0x0000000008001800                DMA1_Channel5_IRQHandler
                0x0000000008001800                EXTI4_IRQHandler
                0x0000000008001800                USB_LP_CAN1_RX0_IRQHandler
                0x0000000008001800                USB_HP_CAN1_TX_IRQHandler
                0x0000000008001800                DMA1_Channel3_IRQHandler
                0x0000000008001800                TIM1_UP_IRQHandler
                0x0000000008001800                WWDG_IRQHandler
                0x0000000008001800                TIM1_BRK_IRQHandler
                0x0000000008001800                EXTI1_IRQHandler
                0x0000000008001800                USART2_IRQHandler
                0x0000000008001800                DMA1_Channel2_IRQHandler
                0x0000000008001800                CAN1_SCE_IRQHandler
                0x0000000008001800                FLASH_IRQHandler
                0x0000000008001800                USART1_IRQHandler
                0x0000000008001800                I2C1_ER_IRQHandler
                0x0000000008001800                USBWakeUp_IRQHandler
 *fill*         0x0000000008001802        0x2 
 .text.HAL_Init
                0x0000000008001804       0x2c ./Drivers/STM32F1xx_HAL_Driver/Src/stm32f1xx_hal.o
                0x0000000008001804                HAL_Init
 .text.HAL_InitTick
                0x0000000008001830       0x60 ./Drivers/STM32F1xx_HAL_Driver/Src/stm32f1xx_hal.o
                0x0000000008001830                HAL_InitTick
 .text.HAL_IncTick
                0x0000000008001890       0x24 ./Drivers/STM32F1xx_HAL_Driver/Src/stm32f1xx_hal.o
                0x0000000008001890                HAL_IncTick
 .text.HAL_GetTick
                0x00000000080018b4       0x14 ./Drivers/STM32F1xx_HAL_Driver/Src/stm32f1xx_hal.o
                0x00000000080018b4                HAL_GetTick
 .text.__NVIC_SetPriorityGrouping
                0x00000000080018c8       0x48 ./Drivers/STM32F1xx_HAL_Driver/Src/stm32f1xx_hal_cortex.o
 .text.__NVIC_GetPriorityGrouping
                0x0000000008001910       0x1c ./Drivers/STM32F1xx_HAL_Driver/Src/stm32f1xx_hal_cortex.o
 .text.__NVIC_EnableIRQ
                0x000000000800192c       0x38 ./Drivers/STM32F1xx_HAL_Driver/Src/stm32f1xx_hal_cortex.o
 .text.__NVIC_SetPriority
                0x0000000008001964       0x54 ./Drivers/STM32F1xx_HAL_Driver/Src/stm32f1xx_hal_cortex.o
 .text.NVIC_EncodePriority
                0x00000000080019b8       0x64 ./Drivers/STM32F1xx_HAL_Driver/Src/stm32f1xx_hal_cortex.o
 .text.SysTick_Config
                0x0000000008001a1c       0x44 ./Drivers/STM32F1xx_HAL_Driver/Src/stm32f1xx_hal_cortex.o
 .text.HAL_NVIC_SetPriorityGrouping
                0x0000000008001a60       0x16 ./Drivers/STM32F1xx_HAL_Driver/Src/stm32f1xx_hal_cortex.o
                0x0000000008001a60                HAL_NVIC_SetPriorityGrouping
 .text.HAL_NVIC_SetPriority
                0x0000000008001a76       0x38 ./Drivers/STM32F1xx_HAL_Driver/Src/stm32f1xx_hal_cortex.o
                0x0000000008001a76                HAL_NVIC_SetPriority
 .text.HAL_NVIC_EnableIRQ
                0x0000000008001aae       0x1c ./Drivers/STM32F1xx_HAL_Driver/Src/stm32f1xx_hal_cortex.o
                0x0000000008001aae                HAL_NVIC_EnableIRQ
 .text.HAL_SYSTICK_Config
                0x0000000008001aca       0x18 ./Drivers/STM32F1xx_HAL_Driver/Src/stm32f1xx_hal_cortex.o
                0x0000000008001aca                HAL_SYSTICK_Config
 *fill*         0x0000000008001ae2        0x2 
 .text.HAL_GPIO_Init
                0x0000000008001ae4      0x2f8 ./Drivers/STM32F1xx_HAL_Driver/Src/stm32f1xx_hal_gpio.o
                0x0000000008001ae4                HAL_GPIO_Init
 .text.HAL_GPIO_ReadPin
                0x0000000008001ddc       0x2e ./Drivers/STM32F1xx_HAL_Driver/Src/stm32f1xx_hal_gpio.o
                0x0000000008001ddc                HAL_GPIO_ReadPin
 .text.HAL_GPIO_WritePin
                0x0000000008001e0a       0x30 ./Drivers/STM32F1xx_HAL_Driver/Src/stm32f1xx_hal_gpio.o
                0x0000000008001e0a                HAL_GPIO_WritePin
 .text.HAL_GPIO_TogglePin
                0x0000000008001e3a       0x32 ./Drivers/STM32F1xx_HAL_Driver/Src/stm32f1xx_hal_gpio.o
                0x0000000008001e3a                HAL_GPIO_TogglePin
 .text.HAL_RCC_OscConfig
                0x0000000008001e6c      0x504 ./Drivers/STM32F1xx_HAL_Driver/Src/stm32f1xx_hal_rcc.o
                0x0000000008001e6c                HAL_RCC_OscConfig
 .text.HAL_RCC_ClockConfig
                0x0000000008002370      0x1d4 ./Drivers/STM32F1xx_HAL_Driver/Src/stm32f1xx_hal_rcc.o
                0x0000000008002370                HAL_RCC_ClockConfig
 .text.HAL_RCC_GetSysClockFreq
                0x0000000008002544       0xa8 ./Drivers/STM32F1xx_HAL_Driver/Src/stm32f1xx_hal_rcc.o
                0x0000000008002544                HAL_RCC_GetSysClockFreq
 .text.RCC_Delay
                0x00000000080025ec       0x3c ./Drivers/STM32F1xx_HAL_Driver/Src/stm32f1xx_hal_rcc.o
 .text.HAL_TIM_Base_Init
                0x0000000008002628       0x9e ./Drivers/STM32F1xx_HAL_Driver/Src/stm32f1xx_hal_tim.o
                0x0000000008002628                HAL_TIM_Base_Init
 *fill*         0x00000000080026c6        0x2 
 .text.HAL_TIM_Base_Start_IT
                0x00000000080026c8       0x98 ./Drivers/STM32F1xx_HAL_Driver/Src/stm32f1xx_hal_tim.o
                0x00000000080026c8                HAL_TIM_Base_Start_IT
 .text.HAL_TIM_IRQHandler
                0x0000000008002760      0x210 ./Drivers/STM32F1xx_HAL_Driver/Src/stm32f1xx_hal_tim.o
                0x0000000008002760                HAL_TIM_IRQHandler
 .text.HAL_TIM_ConfigClockSource
                0x0000000008002970      0x18e ./Drivers/STM32F1xx_HAL_Driver/Src/stm32f1xx_hal_tim.o
                0x0000000008002970                HAL_TIM_ConfigClockSource
 .text.HAL_TIM_OC_DelayElapsedCallback
                0x0000000008002afe       0x12 ./Drivers/STM32F1xx_HAL_Driver/Src/stm32f1xx_hal_tim.o
                0x0000000008002afe                HAL_TIM_OC_DelayElapsedCallback
 .text.HAL_TIM_IC_CaptureCallback
                0x0000000008002b10       0x12 ./Drivers/STM32F1xx_HAL_Driver/Src/stm32f1xx_hal_tim.o
                0x0000000008002b10                HAL_TIM_IC_CaptureCallback
 .text.HAL_TIM_PWM_PulseFinishedCallback
                0x0000000008002b22       0x12 ./Drivers/STM32F1xx_HAL_Driver/Src/stm32f1xx_hal_tim.o
                0x0000000008002b22                HAL_TIM_PWM_PulseFinishedCallback
 .text.HAL_TIM_TriggerCallback
                0x0000000008002b34       0x12 ./Drivers/STM32F1xx_HAL_Driver/Src/stm32f1xx_hal_tim.o
                0x0000000008002b34                HAL_TIM_TriggerCallback
 *fill*         0x0000000008002b46        0x2 
 .text.TIM_Base_SetConfig
                0x0000000008002b48       0xb0 ./Drivers/STM32F1xx_HAL_Driver/Src/stm32f1xx_hal_tim.o
                0x0000000008002b48                TIM_Base_SetConfig
 .text.TIM_TI1_ConfigInputStage
                0x0000000008002bf8       0x5c ./Drivers/STM32F1xx_HAL_Driver/Src/stm32f1xx_hal_tim.o
 .text.TIM_TI2_ConfigInputStage
                0x0000000008002c54       0x5e ./Drivers/STM32F1xx_HAL_Driver/Src/stm32f1xx_hal_tim.o
 .text.TIM_ITRx_SetConfig
                0x0000000008002cb2       0x34 ./Drivers/STM32F1xx_HAL_Driver/Src/stm32f1xx_hal_tim.o
 .text.TIM_ETR_SetConfig
                0x0000000008002ce6       0x3e ./Drivers/STM32F1xx_HAL_Driver/Src/stm32f1xx_hal_tim.o
                0x0000000008002ce6                TIM_ETR_SetConfig
 .text.HAL_TIMEx_MasterConfigSynchronization
                0x0000000008002d24       0xb0 ./Drivers/STM32F1xx_HAL_Driver/Src/stm32f1xx_hal_tim_ex.o
                0x0000000008002d24                HAL_TIMEx_MasterConfigSynchronization
 .text.HAL_TIMEx_CommutCallback
                0x0000000008002dd4       0x12 ./Drivers/STM32F1xx_HAL_Driver/Src/stm32f1xx_hal_tim_ex.o
                0x0000000008002dd4                HAL_TIMEx_CommutCallback
 .text.HAL_TIMEx_BreakCallback
                0x0000000008002de6       0x12 ./Drivers/STM32F1xx_HAL_Driver/Src/stm32f1xx_hal_tim_ex.o
                0x0000000008002de6                HAL_TIMEx_BreakCallback
 .text.memset   0x0000000008002df8       0x10 D:/STM32CubeIDE_1.13.1/STM32CubeIDE/plugins/com.st.stm32cube.ide.mcu.externaltools.gnu-tools-for-stm32.11.3.rel1.win32_1.1.0.202305231506/tools/bin/../lib/gcc/arm-none-eabi/11.3.1/../../../../arm-none-eabi/lib/thumb/v7-m/nofp\libc_nano.a(libc_a-memset.o)
                0x0000000008002df8                memset
 .text.__libc_init_array
                0x0000000008002e08       0x48 D:/STM32CubeIDE_1.13.1/STM32CubeIDE/plugins/com.st.stm32cube.ide.mcu.externaltools.gnu-tools-for-stm32.11.3.rel1.win32_1.1.0.202305231506/tools/bin/../lib/gcc/arm-none-eabi/11.3.1/../../../../arm-none-eabi/lib/thumb/v7-m/nofp\libc_nano.a(libc_a-init.o)
                0x0000000008002e08                __libc_init_array
 *(.glue_7)
 .glue_7        0x0000000008002e50        0x0 linker stubs
 *(.glue_7t)
 .glue_7t       0x0000000008002e50        0x0 linker stubs
 *(.eh_frame)
 .eh_frame      0x0000000008002e50        0x0 D:/STM32CubeIDE_1.13.1/STM32CubeIDE/plugins/com.st.stm32cube.ide.mcu.externaltools.gnu-tools-for-stm32.11.3.rel1.win32_1.1.0.202305231506/tools/bin/../lib/gcc/arm-none-eabi/11.3.1/thumb/v7-m/nofp/crtbegin.o
 *(.init)
 .init          0x0000000008002e50        0x4 D:/STM32CubeIDE_1.13.1/STM32CubeIDE/plugins/com.st.stm32cube.ide.mcu.externaltools.gnu-tools-for-stm32.11.3.rel1.win32_1.1.0.202305231506/tools/bin/../lib/gcc/arm-none-eabi/11.3.1/thumb/v7-m/nofp/crti.o
                0x0000000008002e50                _init
 .init          0x0000000008002e54        0x8 D:/STM32CubeIDE_1.13.1/STM32CubeIDE/plugins/com.st.stm32cube.ide.mcu.externaltools.gnu-tools-for-stm32.11.3.rel1.win32_1.1.0.202305231506/tools/bin/../lib/gcc/arm-none-eabi/11.3.1/thumb/v7-m/nofp/crtn.o
 *(.fini)
 .fini          0x0000000008002e5c        0x4 D:/STM32CubeIDE_1.13.1/STM32CubeIDE/plugins/com.st.stm32cube.ide.mcu.externaltools.gnu-tools-for-stm32.11.3.rel1.win32_1.1.0.202305231506/tools/bin/../lib/gcc/arm-none-eabi/11.3.1/thumb/v7-m/nofp/crti.o
                0x0000000008002e5c                _fini
 .fini          0x0000000008002e60        0x8 D:/STM32CubeIDE_1.13.1/STM32CubeIDE/plugins/com.st.stm32cube.ide.mcu.externaltools.gnu-tools-for-stm32.11.3.rel1.win32_1.1.0.202305231506/tools/bin/../lib/gcc/arm-none-eabi/11.3.1/thumb/v7-m/nofp/crtn.o
                0x0000000008002e68                . = ALIGN (0x4)
                0x0000000008002e68                _etext = .

.vfp11_veneer   0x0000000008002e68        0x0
 .vfp11_veneer  0x0000000008002e68        0x0 linker stubs

.v4_bx          0x0000000008002e68        0x0
 .v4_bx         0x0000000008002e68        0x0 linker stubs

.iplt           0x0000000008002e68        0x0
 .iplt          0x0000000008002e68        0x0 D:/STM32CubeIDE_1.13.1/STM32CubeIDE/plugins/com.st.stm32cube.ide.mcu.externaltools.gnu-tools-for-stm32.11.3.rel1.win32_1.1.0.202305231506/tools/bin/../lib/gcc/arm-none-eabi/11.3.1/thumb/v7-m/nofp/crtbegin.o

.rodata         0x0000000008002e68       0x24
                0x0000000008002e68                . = ALIGN (0x4)
 *(.rodata)
 *(.rodata*)
 .rodata.AHBPrescTable
                0x0000000008002e68       0x10 ./Core/Src/system_stm32f1xx.o
                0x0000000008002e68                AHBPrescTable
 .rodata.aPLLMULFactorTable.1
                0x0000000008002e78       0x10 ./Drivers/STM32F1xx_HAL_Driver/Src/stm32f1xx_hal_rcc.o
 .rodata.aPredivFactorTable.0
                0x0000000008002e88        0x2 ./Drivers/STM32F1xx_HAL_Driver/Src/stm32f1xx_hal_rcc.o
                0x0000000008002e8c                . = ALIGN (0x4)
 *fill*         0x0000000008002e8a        0x2 

.rel.dyn        0x0000000008002e8c        0x0
 .rel.iplt      0x0000000008002e8c        0x0 D:/STM32CubeIDE_1.13.1/STM32CubeIDE/plugins/com.st.stm32cube.ide.mcu.externaltools.gnu-tools-for-stm32.11.3.rel1.win32_1.1.0.202305231506/tools/bin/../lib/gcc/arm-none-eabi/11.3.1/thumb/v7-m/nofp/crtbegin.o

.ARM.extab      0x0000000008002e8c        0x0
                0x0000000008002e8c                . = ALIGN (0x4)
 *(.ARM.extab* .gnu.linkonce.armextab.*)
                0x0000000008002e8c                . = ALIGN (0x4)

.ARM            0x0000000008002e8c        0x0
                0x0000000008002e8c                . = ALIGN (0x4)
                0x0000000008002e8c                __exidx_start = .
 *(.ARM.exidx*)
                0x0000000008002e8c                __exidx_end = .
                0x0000000008002e8c                . = ALIGN (0x4)

.preinit_array  0x0000000008002e8c        0x0
                0x0000000008002e8c                . = ALIGN (0x4)
                0x0000000008002e8c                PROVIDE (__preinit_array_start = .)
 *(.preinit_array*)
                0x0000000008002e8c                PROVIDE (__preinit_array_end = .)
                0x0000000008002e8c                . = ALIGN (0x4)

.init_array     0x0000000008002e8c        0x4
                0x0000000008002e8c                . = ALIGN (0x4)
                0x0000000008002e8c                PROVIDE (__init_array_start = .)
 *(SORT_BY_NAME(.init_array.*))
 *(.init_array*)
 .init_array    0x0000000008002e8c        0x4 D:/STM32CubeIDE_1.13.1/STM32CubeIDE/plugins/com.st.stm32cube.ide.mcu.externaltools.gnu-tools-for-stm32.11.3.rel1.win32_1.1.0.202305231506/tools/bin/../lib/gcc/arm-none-eabi/11.3.1/thumb/v7-m/nofp/crtbegin.o
                0x0000000008002e90                PROVIDE (__init_array_end = .)
                0x0000000008002e90                . = ALIGN (0x4)

.fini_array     0x0000000008002e90        0x4
                0x0000000008002e90                . = ALIGN (0x4)
                [!provide]                        PROVIDE (__fini_array_start = .)
 *(SORT_BY_NAME(.fini_array.*))
 *(.fini_array*)
 .fini_array    0x0000000008002e90        0x4 D:/STM32CubeIDE_1.13.1/STM32CubeIDE/plugins/com.st.stm32cube.ide.mcu.externaltools.gnu-tools-for-stm32.11.3.rel1.win32_1.1.0.202305231506/tools/bin/../lib/gcc/arm-none-eabi/11.3.1/thumb/v7-m/nofp/crtbegin.o
                [!provide]                        PROVIDE (__fini_array_end = .)
                0x0000000008002e94                . = ALIGN (0x4)
                0x0000000008002e94                _sidata = LOADADDR (.data)

.data           0x0000000020000000       0x58 load address 0x0000000008002e94
                0x0000000020000000                . = ALIGN (0x4)
                0x0000000020000000                _sdata = .
 *(.data)
 *(.data*)
 .data.buttonsArr
                0x0000000020000000        0xc ./Core/Src/button.o
                0x0000000020000000                buttonsArr
 .data.KeyReg0  0x000000002000000c        0xc ./Core/Src/button.o
                0x000000002000000c                KeyReg0
 .data.KeyReg1  0x0000000020000018        0xc ./Core/Src/button.o
                0x0000000020000018                KeyReg1
 .data.KeyReg2  0x0000000020000024        0xc ./Core/Src/button.o
                0x0000000020000024                KeyReg2
 .data.KeyReg3  0x0000000020000030        0xc ./Core/Src/button.o
                0x0000000020000030                KeyReg3
 .data.TimeOutForKeyPress
                0x000000002000003c        0x4 ./Core/Src/button.o
                0x000000002000003c                TimeOutForKeyPress
 .data.redDelay
                0x0000000020000040        0x4 ./Core/Src/global.o
                0x0000000020000040                redDelay
 .data.greenDelay
                0x0000000020000044        0x4 ./Core/Src/global.o
                0x0000000020000044                greenDelay
 .data.yellowDelay
                0x0000000020000048        0x4 ./Core/Src/global.o
                0x0000000020000048                yellowDelay
 .data.SystemCoreClock
                0x000000002000004c        0x4 ./Core/Src/system_stm32f1xx.o
                0x000000002000004c                SystemCoreClock
 .data.uwTickPrio
                0x0000000020000050        0x4 ./Drivers/STM32F1xx_HAL_Driver/Src/stm32f1xx_hal.o
                0x0000000020000050                uwTickPrio
 .data.uwTickFreq
                0x0000000020000054        0x1 ./Drivers/STM32F1xx_HAL_Driver/Src/stm32f1xx_hal.o
                0x0000000020000054                uwTickFreq
 *(.RamFunc)
 *(.RamFunc*)
                0x0000000020000058                . = ALIGN (0x4)
 *fill*         0x0000000020000055        0x3 
                0x0000000020000058                _edata = .

.igot.plt       0x0000000020000058        0x0 load address 0x0000000008002eec
 .igot.plt      0x0000000020000058        0x0 D:/STM32CubeIDE_1.13.1/STM32CubeIDE/plugins/com.st.stm32cube.ide.mcu.externaltools.gnu-tools-for-stm32.11.3.rel1.win32_1.1.0.202305231506/tools/bin/../lib/gcc/arm-none-eabi/11.3.1/thumb/v7-m/nofp/crtbegin.o
                0x0000000020000058                . = ALIGN (0x4)

.bss            0x0000000020000058       0xdc load address 0x0000000008002eec
                0x0000000020000058                _sbss = .
                0x0000000020000058                __bss_start__ = _sbss
 *(.bss)
 .bss           0x0000000020000058       0x1c D:/STM32CubeIDE_1.13.1/STM32CubeIDE/plugins/com.st.stm32cube.ide.mcu.externaltools.gnu-tools-for-stm32.11.3.rel1.win32_1.1.0.202305231506/tools/bin/../lib/gcc/arm-none-eabi/11.3.1/thumb/v7-m/nofp/crtbegin.o
 *(.bss*)
 .bss.button_flag
                0x0000000020000074        0xc ./Core/Src/button.o
                0x0000000020000074                button_flag
 .bss.MODE      0x0000000020000080        0x1 ./Core/Src/global.o
                0x0000000020000080                MODE
 .bss.mode2Toggle
                0x0000000020000081        0x1 ./Core/Src/global.o
                0x0000000020000081                mode2Toggle
 .bss.mode2Seg  0x0000000020000082        0x1 ./Core/Src/global.o
                0x0000000020000082                mode2Seg
 .bss.mode2Increase
                0x0000000020000083        0x1 ./Core/Src/global.o
                0x0000000020000083                mode2Increase
 .bss.mode3Toggle
                0x0000000020000084        0x1 ./Core/Src/global.o
                0x0000000020000084                mode3Toggle
 .bss.mode3Seg  0x0000000020000085        0x1 ./Core/Src/global.o
                0x0000000020000085                mode3Seg
 .bss.mode3Increase
                0x0000000020000086        0x1 ./Core/Src/global.o
                0x0000000020000086                mode3Increase
 .bss.mode4Toggle
                0x0000000020000087        0x1 ./Core/Src/global.o
                0x0000000020000087                mode4Toggle
 .bss.mode4Seg  0x0000000020000088        0x1 ./Core/Src/global.o
                0x0000000020000088                mode4Seg
 .bss.mode4Increase
                0x0000000020000089        0x1 ./Core/Src/global.o
                0x0000000020000089                mode4Increase
 .bss.firstCoupleLedAutoState
                0x000000002000008a        0x1 ./Core/Src/global.o
                0x000000002000008a                firstCoupleLedAutoState
 .bss.secondCoupleLedAutoState
                0x000000002000008b        0x1 ./Core/Src/global.o
                0x000000002000008b                secondCoupleLedAutoState
 .bss.seg7AutoState
                0x000000002000008c        0x1 ./Core/Src/global.o
                0x000000002000008c                seg7AutoState
 *fill*         0x000000002000008d        0x3 
 .bss.countdownFirstCoupleLed
                0x0000000020000090        0x4 ./Core/Src/global.o
                0x0000000020000090                countdownFirstCoupleLed
 .bss.countdownSecondCoupleLed
                0x0000000020000094        0x4 ./Core/Src/global.o
                0x0000000020000094                countdownSecondCoupleLed
 .bss.htim2     0x0000000020000098       0x48 ./Core/Src/main.o
                0x0000000020000098                htim2
 .bss.timer_counter
                0x00000000200000e0       0x28 ./Core/Src/software_timer.o
                0x00000000200000e0                timer_counter
 .bss.timer_flag
                0x0000000020000108       0x28 ./Core/Src/software_timer.o
                0x0000000020000108                timer_flag
 .bss.uwTick    0x0000000020000130        0x4 ./Drivers/STM32F1xx_HAL_Driver/Src/stm32f1xx_hal.o
                0x0000000020000130                uwTick
 *(COMMON)
                0x0000000020000134                . = ALIGN (0x4)
                0x0000000020000134                _ebss = .
                0x0000000020000134                __bss_end__ = _ebss

._user_heap_stack
                0x0000000020000134      0x604 load address 0x0000000008002eec
                0x0000000020000138                . = ALIGN (0x8)
 *fill*         0x0000000020000134        0x4 
                [!provide]                        PROVIDE (end = .)
                0x0000000020000138                PROVIDE (_end = .)
                0x0000000020000338                . = (. + _Min_Heap_Size)
 *fill*         0x0000000020000138      0x200 
                0x0000000020000738                . = (. + _Min_Stack_Size)
 *fill*         0x0000000020000338      0x400 
                0x0000000020000738                . = ALIGN (0x8)

/DISCARD/
 libc.a(*)
 libm.a(*)
 libgcc.a(*)

.ARM.attributes
                0x0000000000000000       0x29
 *(.ARM.attributes)
 .ARM.attributes
                0x0000000000000000       0x1d D:/STM32CubeIDE_1.13.1/STM32CubeIDE/plugins/com.st.stm32cube.ide.mcu.externaltools.gnu-tools-for-stm32.11.3.rel1.win32_1.1.0.202305231506/tools/bin/../lib/gcc/arm-none-eabi/11.3.1/thumb/v7-m/nofp/crti.o
 .ARM.attributes
                0x000000000000001d       0x2d D:/STM32CubeIDE_1.13.1/STM32CubeIDE/plugins/com.st.stm32cube.ide.mcu.externaltools.gnu-tools-for-stm32.11.3.rel1.win32_1.1.0.202305231506/tools/bin/../lib/gcc/arm-none-eabi/11.3.1/thumb/v7-m/nofp/crtbegin.o
 .ARM.attributes
                0x000000000000004a       0x2d ./Core/Src/button.o
 .ARM.attributes
                0x0000000000000077       0x2d ./Core/Src/display_led.o
 .ARM.attributes
                0x00000000000000a4       0x2d ./Core/Src/fsm_auto.o
 .ARM.attributes
                0x00000000000000d1       0x2d ./Core/Src/fsm_manual.o
 .ARM.attributes
                0x00000000000000fe       0x2d ./Core/Src/global.o
 .ARM.attributes
                0x000000000000012b       0x2d ./Core/Src/main.o
 .ARM.attributes
                0x0000000000000158       0x2d ./Core/Src/software_timer.o
 .ARM.attributes
                0x0000000000000185       0x2d ./Core/Src/stm32f1xx_hal_msp.o
 .ARM.attributes
                0x00000000000001b2       0x2d ./Core/Src/stm32f1xx_it.o
 .ARM.attributes
                0x00000000000001df       0x2d ./Core/Src/system_stm32f1xx.o
 .ARM.attributes
                0x000000000000020c       0x21 ./Core/Startup/startup_stm32f103c6ux.o
 .ARM.attributes
                0x000000000000022d       0x2d ./Drivers/STM32F1xx_HAL_Driver/Src/stm32f1xx_hal.o
 .ARM.attributes
                0x000000000000025a       0x2d ./Drivers/STM32F1xx_HAL_Driver/Src/stm32f1xx_hal_cortex.o
 .ARM.attributes
                0x0000000000000287       0x2d ./Drivers/STM32F1xx_HAL_Driver/Src/stm32f1xx_hal_gpio.o
 .ARM.attributes
                0x00000000000002b4       0x2d ./Drivers/STM32F1xx_HAL_Driver/Src/stm32f1xx_hal_rcc.o
 .ARM.attributes
                0x00000000000002e1       0x2d ./Drivers/STM32F1xx_HAL_Driver/Src/stm32f1xx_hal_tim.o
 .ARM.attributes
                0x000000000000030e       0x2d ./Drivers/STM32F1xx_HAL_Driver/Src/stm32f1xx_hal_tim_ex.o
 .ARM.attributes
                0x000000000000033b       0x2d D:/STM32CubeIDE_1.13.1/STM32CubeIDE/plugins/com.st.stm32cube.ide.mcu.externaltools.gnu-tools-for-stm32.11.3.rel1.win32_1.1.0.202305231506/tools/bin/../lib/gcc/arm-none-eabi/11.3.1/../../../../arm-none-eabi/lib/thumb/v7-m/nofp\libc_nano.a(libc_a-memset.o)
 .ARM.attributes
                0x0000000000000368       0x2d D:/STM32CubeIDE_1.13.1/STM32CubeIDE/plugins/com.st.stm32cube.ide.mcu.externaltools.gnu-tools-for-stm32.11.3.rel1.win32_1.1.0.202305231506/tools/bin/../lib/gcc/arm-none-eabi/11.3.1/../../../../arm-none-eabi/lib/thumb/v7-m/nofp\libc_nano.a(libc_a-init.o)
 .ARM.attributes
                0x0000000000000395       0x1d D:/STM32CubeIDE_1.13.1/STM32CubeIDE/plugins/com.st.stm32cube.ide.mcu.externaltools.gnu-tools-for-stm32.11.3.rel1.win32_1.1.0.202305231506/tools/bin/../lib/gcc/arm-none-eabi/11.3.1/thumb/v7-m/nofp/crtn.o
OUTPUT(Lab3.elf elf32-littlearm)
LOAD linker stubs
LOAD D:/STM32CubeIDE_1.13.1/STM32CubeIDE/plugins/com.st.stm32cube.ide.mcu.externaltools.gnu-tools-for-stm32.11.3.rel1.win32_1.1.0.202305231506/tools/bin/../lib/gcc/arm-none-eabi/11.3.1/../../../../arm-none-eabi/lib/thumb/v7-m/nofp\libc.a
LOAD D:/STM32CubeIDE_1.13.1/STM32CubeIDE/plugins/com.st.stm32cube.ide.mcu.externaltools.gnu-tools-for-stm32.11.3.rel1.win32_1.1.0.202305231506/tools/bin/../lib/gcc/arm-none-eabi/11.3.1/../../../../arm-none-eabi/lib/thumb/v7-m/nofp\libm.a
LOAD D:/STM32CubeIDE_1.13.1/STM32CubeIDE/plugins/com.st.stm32cube.ide.mcu.externaltools.gnu-tools-for-stm32.11.3.rel1.win32_1.1.0.202305231506/tools/bin/../lib/gcc/arm-none-eabi/11.3.1/thumb/v7-m/nofp\libgcc.a

.comment        0x0000000000000000       0x43
 .comment       0x0000000000000000       0x43 D:/STM32CubeIDE_1.13.1/STM32CubeIDE/plugins/com.st.stm32cube.ide.mcu.externaltools.gnu-tools-for-stm32.11.3.rel1.win32_1.1.0.202305231506/tools/bin/../lib/gcc/arm-none-eabi/11.3.1/thumb/v7-m/nofp/crtbegin.o
                                         0x44 (size before relaxing)
 .comment       0x0000000000000043       0x44 ./Core/Src/button.o
 .comment       0x0000000000000043       0x44 ./Core/Src/display_led.o
 .comment       0x0000000000000043       0x44 ./Core/Src/fsm_auto.o
 .comment       0x0000000000000043       0x44 ./Core/Src/fsm_manual.o
 .comment       0x0000000000000043       0x44 ./Core/Src/global.o
 .comment       0x0000000000000043       0x44 ./Core/Src/main.o
 .comment       0x0000000000000043       0x44 ./Core/Src/software_timer.o
 .comment       0x0000000000000043       0x44 ./Core/Src/stm32f1xx_hal_msp.o
 .comment       0x0000000000000043       0x44 ./Core/Src/stm32f1xx_it.o
 .comment       0x0000000000000043       0x44 ./Core/Src/system_stm32f1xx.o
 .comment       0x0000000000000043       0x44 ./Drivers/STM32F1xx_HAL_Driver/Src/stm32f1xx_hal.o
 .comment       0x0000000000000043       0x44 ./Drivers/STM32F1xx_HAL_Driver/Src/stm32f1xx_hal_cortex.o
 .comment       0x0000000000000043       0x44 ./Drivers/STM32F1xx_HAL_Driver/Src/stm32f1xx_hal_gpio.o
 .comment       0x0000000000000043       0x44 ./Drivers/STM32F1xx_HAL_Driver/Src/stm32f1xx_hal_rcc.o
 .comment       0x0000000000000043       0x44 ./Drivers/STM32F1xx_HAL_Driver/Src/stm32f1xx_hal_tim.o
 .comment       0x0000000000000043       0x44 ./Drivers/STM32F1xx_HAL_Driver/Src/stm32f1xx_hal_tim_ex.o

.debug_info     0x0000000000000000     0x878c
 .debug_info    0x0000000000000000      0x26a ./Core/Src/button.o
 .debug_info    0x000000000000026a      0x30a ./Core/Src/display_led.o
 .debug_info    0x0000000000000574      0x1fb ./Core/Src/fsm_auto.o
 .debug_info    0x000000000000076f      0x286 ./Core/Src/fsm_manual.o
 .debug_info    0x00000000000009f5      0x2df ./Core/Src/global.o
 .debug_info    0x0000000000000cd4      0xbd8 ./Core/Src/main.o
 .debug_info    0x00000000000018ac       0xc9 ./Core/Src/software_timer.o
 .debug_info    0x0000000000001975      0x88c ./Core/Src/stm32f1xx_hal_msp.o
 .debug_info    0x0000000000002201      0x6a1 ./Core/Src/stm32f1xx_it.o
 .debug_info    0x00000000000028a2      0x222 ./Core/Src/system_stm32f1xx.o
 .debug_info    0x0000000000002ac4       0x23 ./Core/Startup/startup_stm32f103c6ux.o
 .debug_info    0x0000000000002ae7      0x6e6 ./Drivers/STM32F1xx_HAL_Driver/Src/stm32f1xx_hal.o
 .debug_info    0x00000000000031cd      0xa69 ./Drivers/STM32F1xx_HAL_Driver/Src/stm32f1xx_hal_cortex.o
 .debug_info    0x0000000000003c36      0x5ab ./Drivers/STM32F1xx_HAL_Driver/Src/stm32f1xx_hal_gpio.o
 .debug_info    0x00000000000041e1      0x7d5 ./Drivers/STM32F1xx_HAL_Driver/Src/stm32f1xx_hal_rcc.o
 .debug_info    0x00000000000049b6     0x293b ./Drivers/STM32F1xx_HAL_Driver/Src/stm32f1xx_hal_tim.o
 .debug_info    0x00000000000072f1     0x149b ./Drivers/STM32F1xx_HAL_Driver/Src/stm32f1xx_hal_tim_ex.o

.debug_abbrev   0x0000000000000000     0x1bc1
 .debug_abbrev  0x0000000000000000      0x177 ./Core/Src/button.o
 .debug_abbrev  0x0000000000000177      0x18e ./Core/Src/display_led.o
 .debug_abbrev  0x0000000000000305       0xc7 ./Core/Src/fsm_auto.o
 .debug_abbrev  0x00000000000003cc       0xdc ./Core/Src/fsm_manual.o
 .debug_abbrev  0x00000000000004a8       0x94 ./Core/Src/global.o
 .debug_abbrev  0x000000000000053c      0x2ce ./Core/Src/main.o
 .debug_abbrev  0x000000000000080a       0xb9 ./Core/Src/software_timer.o
 .debug_abbrev  0x00000000000008c3      0x1ad ./Core/Src/stm32f1xx_hal_msp.o
 .debug_abbrev  0x0000000000000a70      0x191 ./Core/Src/stm32f1xx_it.o
 .debug_abbrev  0x0000000000000c01      0x13f ./Core/Src/system_stm32f1xx.o
 .debug_abbrev  0x0000000000000d40       0x12 ./Core/Startup/startup_stm32f103c6ux.o
 .debug_abbrev  0x0000000000000d52      0x201 ./Drivers/STM32F1xx_HAL_Driver/Src/stm32f1xx_hal.o
 .debug_abbrev  0x0000000000000f53      0x2f8 ./Drivers/STM32F1xx_HAL_Driver/Src/stm32f1xx_hal_cortex.o
 .debug_abbrev  0x000000000000124b      0x1ca ./Drivers/STM32F1xx_HAL_Driver/Src/stm32f1xx_hal_gpio.o
 .debug_abbrev  0x0000000000001415      0x2b3 ./Drivers/STM32F1xx_HAL_Driver/Src/stm32f1xx_hal_rcc.o
 .debug_abbrev  0x00000000000016c8      0x277 ./Drivers/STM32F1xx_HAL_Driver/Src/stm32f1xx_hal_tim.o
 .debug_abbrev  0x000000000000193f      0x282 ./Drivers/STM32F1xx_HAL_Driver/Src/stm32f1xx_hal_tim_ex.o

.debug_aranges  0x0000000000000000      0xa70
 .debug_aranges
                0x0000000000000000       0x30 ./Core/Src/button.o
 .debug_aranges
                0x0000000000000030       0x70 ./Core/Src/display_led.o
 .debug_aranges
                0x00000000000000a0       0x20 ./Core/Src/fsm_auto.o
 .debug_aranges
                0x00000000000000c0       0x38 ./Core/Src/fsm_manual.o
 .debug_aranges
                0x00000000000000f8       0x20 ./Core/Src/global.o
 .debug_aranges
                0x0000000000000118       0x48 ./Core/Src/main.o
 .debug_aranges
                0x0000000000000160       0x28 ./Core/Src/software_timer.o
 .debug_aranges
                0x0000000000000188       0x30 ./Core/Src/stm32f1xx_hal_msp.o
 .debug_aranges
                0x00000000000001b8       0x68 ./Core/Src/stm32f1xx_it.o
 .debug_aranges
                0x0000000000000220       0x28 ./Core/Src/system_stm32f1xx.o
 .debug_aranges
                0x0000000000000248       0x28 ./Core/Startup/startup_stm32f103c6ux.o
 .debug_aranges
                0x0000000000000270       0xe0 ./Drivers/STM32F1xx_HAL_Driver/Src/stm32f1xx_hal.o
 .debug_aranges
                0x0000000000000350      0x100 ./Drivers/STM32F1xx_HAL_Driver/Src/stm32f1xx_hal_cortex.o
 .debug_aranges
                0x0000000000000450       0x58 ./Drivers/STM32F1xx_HAL_Driver/Src/stm32f1xx_hal_gpio.o
 .debug_aranges
                0x00000000000004a8       0x90 ./Drivers/STM32F1xx_HAL_Driver/Src/stm32f1xx_hal_rcc.o
 .debug_aranges
                0x0000000000000538      0x3d0 ./Drivers/STM32F1xx_HAL_Driver/Src/stm32f1xx_hal_tim.o
 .debug_aranges
                0x0000000000000908      0x168 ./Drivers/STM32F1xx_HAL_Driver/Src/stm32f1xx_hal_tim_ex.o

.debug_rnglists
                0x0000000000000000      0x7f2
 .debug_rnglists
                0x0000000000000000       0x20 ./Core/Src/button.o
 .debug_rnglists
                0x0000000000000020       0x53 ./Core/Src/display_led.o
 .debug_rnglists
                0x0000000000000073       0x14 ./Core/Src/fsm_auto.o
 .debug_rnglists
                0x0000000000000087       0x28 ./Core/Src/fsm_manual.o
 .debug_rnglists
                0x00000000000000af       0x14 ./Core/Src/global.o
 .debug_rnglists
                0x00000000000000c3       0x33 ./Core/Src/main.o
 .debug_rnglists
                0x00000000000000f6       0x19 ./Core/Src/software_timer.o
 .debug_rnglists
                0x000000000000010f       0x1f ./Core/Src/stm32f1xx_hal_msp.o
 .debug_rnglists
                0x000000000000012e       0x49 ./Core/Src/stm32f1xx_it.o
 .debug_rnglists
                0x0000000000000177       0x1a ./Core/Src/system_stm32f1xx.o
 .debug_rnglists
                0x0000000000000191       0x19 ./Core/Startup/startup_stm32f103c6ux.o
 .debug_rnglists
                0x00000000000001aa       0xa3 ./Drivers/STM32F1xx_HAL_Driver/Src/stm32f1xx_hal.o
 .debug_rnglists
                0x000000000000024d       0xbb ./Drivers/STM32F1xx_HAL_Driver/Src/stm32f1xx_hal_cortex.o
 .debug_rnglists
                0x0000000000000308       0x3f ./Drivers/STM32F1xx_HAL_Driver/Src/stm32f1xx_hal_gpio.o
 .debug_rnglists
                0x0000000000000347       0x6c ./Drivers/STM32F1xx_HAL_Driver/Src/stm32f1xx_hal_rcc.o
 .debug_rnglists
                0x00000000000003b3      0x31a ./Drivers/STM32F1xx_HAL_Driver/Src/stm32f1xx_hal_tim.o
 .debug_rnglists
                0x00000000000006cd      0x125 ./Drivers/STM32F1xx_HAL_Driver/Src/stm32f1xx_hal_tim_ex.o

.debug_macro    0x0000000000000000    0x16ce8
 .debug_macro   0x0000000000000000      0x1b5 ./Core/Src/button.o
 .debug_macro   0x00000000000001b5      0xa9c ./Core/Src/button.o
 .debug_macro   0x0000000000000c51      0x215 ./Core/Src/button.o
 .debug_macro   0x0000000000000e66       0x2e ./Core/Src/button.o
 .debug_macro   0x0000000000000e94       0x22 ./Core/Src/button.o
 .debug_macro   0x0000000000000eb6       0x22 ./Core/Src/button.o
 .debug_macro   0x0000000000000ed8       0x8e ./Core/Src/button.o
 .debug_macro   0x0000000000000f66       0x51 ./Core/Src/button.o
 .debug_macro   0x0000000000000fb7      0x103 ./Core/Src/button.o
 .debug_macro   0x00000000000010ba       0x6a ./Core/Src/button.o
 .debug_macro   0x0000000000001124      0x1df ./Core/Src/button.o
 .debug_macro   0x0000000000001303       0x1c ./Core/Src/button.o
 .debug_macro   0x000000000000131f       0x22 ./Core/Src/button.o
 .debug_macro   0x0000000000001341       0xbd ./Core/Src/button.o
 .debug_macro   0x00000000000013fe      0xd23 ./Core/Src/button.o
 .debug_macro   0x0000000000002121     0xde75 ./Core/Src/button.o
 .debug_macro   0x000000000000ff96       0x6d ./Core/Src/button.o
 .debug_macro   0x0000000000010003     0x348d ./Core/Src/button.o
 .debug_macro   0x0000000000013490      0x174 ./Core/Src/button.o
 .debug_macro   0x0000000000013604       0x5c ./Core/Src/button.o
 .debug_macro   0x0000000000013660      0x5bc ./Core/Src/button.o
 .debug_macro   0x0000000000013c1c      0x1b7 ./Core/Src/button.o
 .debug_macro   0x0000000000013dd3      0x1cb ./Core/Src/button.o
 .debug_macro   0x0000000000013f9e      0x114 ./Core/Src/button.o
 .debug_macro   0x00000000000140b2      0x1b2 ./Core/Src/button.o
 .debug_macro   0x0000000000014264       0x27 ./Core/Src/button.o
 .debug_macro   0x000000000001428b      0x12f ./Core/Src/button.o
 .debug_macro   0x00000000000143ba      0x1bc ./Core/Src/button.o
 .debug_macro   0x0000000000014576       0x34 ./Core/Src/button.o
 .debug_macro   0x00000000000145aa       0x3c ./Core/Src/button.o
 .debug_macro   0x00000000000145e6       0x57 ./Core/Src/button.o
 .debug_macro   0x000000000001463d       0x87 ./Core/Src/button.o
 .debug_macro   0x00000000000146c4      0x183 ./Core/Src/button.o
 .debug_macro   0x0000000000014847      0x140 ./Core/Src/button.o
 .debug_macro   0x0000000000014987      0x8ed ./Core/Src/button.o
 .debug_macro   0x0000000000015274       0x69 ./Core/Src/button.o
 .debug_macro   0x00000000000152dd      0x160 ./Core/Src/button.o
 .debug_macro   0x000000000001543d       0x16 ./Core/Src/button.o
 .debug_macro   0x0000000000015453      0x1cd ./Core/Src/display_led.o
 .debug_macro   0x0000000000015620       0x1c ./Core/Src/display_led.o
 .debug_macro   0x000000000001563c      0x1d7 ./Core/Src/fsm_auto.o
 .debug_macro   0x0000000000015813      0x1dd ./Core/Src/fsm_manual.o
 .debug_macro   0x00000000000159f0      0x1c9 ./Core/Src/global.o
 .debug_macro   0x0000000000015bb9      0x1fb ./Core/Src/main.o
 .debug_macro   0x0000000000015db4       0x1b ./Core/Src/software_timer.o
 .debug_macro   0x0000000000015dcf      0x1a6 ./Core/Src/stm32f1xx_hal_msp.o
 .debug_macro   0x0000000000015f75      0x1b0 ./Core/Src/stm32f1xx_it.o
 .debug_macro   0x0000000000016125      0x197 ./Core/Src/system_stm32f1xx.o
 .debug_macro   0x00000000000162bc      0x1bb ./Drivers/STM32F1xx_HAL_Driver/Src/stm32f1xx_hal.o
 .debug_macro   0x0000000000016477      0x197 ./Drivers/STM32F1xx_HAL_Driver/Src/stm32f1xx_hal_cortex.o
 .debug_macro   0x000000000001660e      0x202 ./Drivers/STM32F1xx_HAL_Driver/Src/stm32f1xx_hal_gpio.o
 .debug_macro   0x0000000000016810      0x1a9 ./Drivers/STM32F1xx_HAL_Driver/Src/stm32f1xx_hal_rcc.o
 .debug_macro   0x00000000000169b9      0x198 ./Drivers/STM32F1xx_HAL_Driver/Src/stm32f1xx_hal_tim.o
 .debug_macro   0x0000000000016b51      0x197 ./Drivers/STM32F1xx_HAL_Driver/Src/stm32f1xx_hal_tim_ex.o

.debug_line     0x0000000000000000     0xc213
 .debug_line    0x0000000000000000      0x77f ./Core/Src/button.o
 .debug_line    0x000000000000077f      0x8fd ./Core/Src/display_led.o
 .debug_line    0x000000000000107c      0x823 ./Core/Src/fsm_auto.o
 .debug_line    0x000000000000189f      0x961 ./Core/Src/fsm_manual.o
 .debug_line    0x0000000000002200      0x722 ./Core/Src/global.o
 .debug_line    0x0000000000002922      0x85c ./Core/Src/main.o
 .debug_line    0x000000000000317e       0xa0 ./Core/Src/software_timer.o
 .debug_line    0x000000000000321e      0x714 ./Core/Src/stm32f1xx_hal_msp.o
 .debug_line    0x0000000000003932      0x7b3 ./Core/Src/stm32f1xx_it.o
 .debug_line    0x00000000000040e5      0x757 ./Core/Src/system_stm32f1xx.o
 .debug_line    0x000000000000483c       0x78 ./Core/Startup/startup_stm32f103c6ux.o
 .debug_line    0x00000000000048b4      0x984 ./Drivers/STM32F1xx_HAL_Driver/Src/stm32f1xx_hal.o
 .debug_line    0x0000000000005238      0xb6c ./Drivers/STM32F1xx_HAL_Driver/Src/stm32f1xx_hal_cortex.o
 .debug_line    0x0000000000005da4      0xa08 ./Drivers/STM32F1xx_HAL_Driver/Src/stm32f1xx_hal_gpio.o
 .debug_line    0x00000000000067ac      0xd8d ./Drivers/STM32F1xx_HAL_Driver/Src/stm32f1xx_hal_rcc.o
 .debug_line    0x0000000000007539     0x3427 ./Drivers/STM32F1xx_HAL_Driver/Src/stm32f1xx_hal_tim.o
 .debug_line    0x000000000000a960     0x18b3 ./Drivers/STM32F1xx_HAL_Driver/Src/stm32f1xx_hal_tim_ex.o

.debug_str      0x0000000000000000    0x8256c
 .debug_str     0x0000000000000000    0x7f7d7 ./Core/Src/button.o
                                      0x7fb2c (size before relaxing)
 .debug_str     0x000000000007f7d7      0x152 ./Core/Src/display_led.o
                                      0x7fbea (size before relaxing)
 .debug_str     0x000000000007f929      0x116 ./Core/Src/fsm_auto.o
                                      0x7fbfd (size before relaxing)
 .debug_str     0x000000000007fa3f      0x114 ./Core/Src/fsm_manual.o
                                      0x7fc4e (size before relaxing)
 .debug_str     0x000000000007fb53       0x15 ./Core/Src/global.o
                                      0x7fc12 (size before relaxing)
 .debug_str     0x000000000007fb68      0x79f ./Core/Src/main.o
                                      0x803aa (size before relaxing)
 .debug_str     0x0000000000080307       0x3d ./Core/Src/software_timer.o
                                       0x2ddb (size before relaxing)
 .debug_str     0x0000000000080344      0x2d2 ./Core/Src/stm32f1xx_hal_msp.o
                                      0x8022f (size before relaxing)
 .debug_str     0x0000000000080616       0xec ./Core/Src/stm32f1xx_it.o
                                      0x7ff98 (size before relaxing)
 .debug_str     0x0000000000080702       0x88 ./Core/Src/system_stm32f1xx.o
                                      0x7f62c (size before relaxing)
 .debug_str     0x000000000008078a       0x34 ./Core/Startup/startup_stm32f103c6ux.o
                                         0x62 (size before relaxing)
 .debug_str     0x00000000000807be      0x38e ./Drivers/STM32F1xx_HAL_Driver/Src/stm32f1xx_hal.o
                                      0x7fd25 (size before relaxing)
 .debug_str     0x0000000000080b4c      0x29e ./Drivers/STM32F1xx_HAL_Driver/Src/stm32f1xx_hal_cortex.o
                                      0x7fc71 (size before relaxing)
 .debug_str     0x0000000000080dea      0x2f6 ./Drivers/STM32F1xx_HAL_Driver/Src/stm32f1xx_hal_gpio.o
                                      0x7f9b2 (size before relaxing)
 .debug_str     0x00000000000810e0      0x229 ./Drivers/STM32F1xx_HAL_Driver/Src/stm32f1xx_hal_rcc.o
                                      0x7fa5b (size before relaxing)
 .debug_str     0x0000000000081309      0xdd0 ./Drivers/STM32F1xx_HAL_Driver/Src/stm32f1xx_hal_tim.o
                                      0x80a4d (size before relaxing)
 .debug_str     0x00000000000820d9      0x493 ./Drivers/STM32F1xx_HAL_Driver/Src/stm32f1xx_hal_tim_ex.o
                                      0x80269 (size before relaxing)

.debug_frame    0x0000000000000000     0x290c
 .debug_frame   0x0000000000000000       0x84 ./Core/Src/button.o
 .debug_frame   0x0000000000000084      0x184 ./Core/Src/display_led.o
 .debug_frame   0x0000000000000208       0x2c ./Core/Src/fsm_auto.o
 .debug_frame   0x0000000000000234       0x80 ./Core/Src/fsm_manual.o
 .debug_frame   0x00000000000002b4       0x30 ./Core/Src/global.o
 .debug_frame   0x00000000000002e4       0xd4 ./Core/Src/main.o
 .debug_frame   0x00000000000003b8       0x60 ./Core/Src/software_timer.o
 .debug_frame   0x0000000000000418       0x80 ./Core/Src/stm32f1xx_hal_msp.o
 .debug_frame   0x0000000000000498      0x120 ./Core/Src/stm32f1xx_it.o
 .debug_frame   0x00000000000005b8       0x58 ./Core/Src/system_stm32f1xx.o
 .debug_frame   0x0000000000000610      0x334 ./Drivers/STM32F1xx_HAL_Driver/Src/stm32f1xx_hal.o
 .debug_frame   0x0000000000000944      0x428 ./Drivers/STM32F1xx_HAL_Driver/Src/stm32f1xx_hal_cortex.o
 .debug_frame   0x0000000000000d6c      0x14c ./Drivers/STM32F1xx_HAL_Driver/Src/stm32f1xx_hal_gpio.o
 .debug_frame   0x0000000000000eb8      0x218 ./Drivers/STM32F1xx_HAL_Driver/Src/stm32f1xx_hal_rcc.o
 .debug_frame   0x00000000000010d0     0x11b8 ./Drivers/STM32F1xx_HAL_Driver/Src/stm32f1xx_hal_tim.o
 .debug_frame   0x0000000000002288      0x638 ./Drivers/STM32F1xx_HAL_Driver/Src/stm32f1xx_hal_tim_ex.o
 .debug_frame   0x00000000000028c0       0x20 D:/STM32CubeIDE_1.13.1/STM32CubeIDE/plugins/com.st.stm32cube.ide.mcu.externaltools.gnu-tools-for-stm32.11.3.rel1.win32_1.1.0.202305231506/tools/bin/../lib/gcc/arm-none-eabi/11.3.1/../../../../arm-none-eabi/lib/thumb/v7-m/nofp\libc_nano.a(libc_a-memset.o)
 .debug_frame   0x00000000000028e0       0x2c D:/STM32CubeIDE_1.13.1/STM32CubeIDE/plugins/com.st.stm32cube.ide.mcu.externaltools.gnu-tools-for-stm32.11.3.rel1.win32_1.1.0.202305231506/tools/bin/../lib/gcc/arm-none-eabi/11.3.1/../../../../arm-none-eabi/lib/thumb/v7-m/nofp\libc_nano.a(libc_a-init.o)

.debug_line_str
                0x0000000000000000       0x56
 .debug_line_str
                0x0000000000000000       0x56 ./Core/Startup/startup_stm32f103c6ux.o
                                         0x6e (size before relaxing)
